// Jest Snapshot v1, https://goo.gl/fbAQLP

exports[`<TournamentList /> UI Component Rendering UI Renders Correctly 1`] = `
<div
  className="tournament-list"
>
  <Component
    almond_count="16"
    description="This is the first test tourney"
    id="1"
    key="1"
    name="First Tourney"
    owner="1"
    square_count="64"
  />
</div>
`;
